<html>
<body>
<pre>
<h1>µVision Build Log</h1>
<h2>Tool Versions:</h2>
IDE-Version: µVision V5.17.0.0
Copyright (C) 2015 ARM Ltd and ARM Germany GmbH. All rights reserved.
License Information: Ev Microsoft, Microsoft, LIC=NHY63-APGX9-15ZTV-PID6J-7AGNW-PFD2Q
 
Tool Versions:
Toolchain:       MDK-ARM Professional  Version: 5.17
Toolchain Path:  C:\Keil_v5\ARM\ARMCC\Bin
C Compiler:      Armcc.exe V5.06 update 1 (build 61)
Assembler:       Armasm.exe V5.06 update 1 (build 61)
Linker/Locator:  ArmLink.exe V5.06 update 1 (build 61)
Library Manager: ArmAr.exe V5.06 update 1 (build 61)
Hex Converter:   FromElf.exe V5.06 update 1 (build 61)
CPU DLL:         SARMCM3.DLL V5.17
Dialog DLL:      DCM.DLL V1.13.4.0
Target DLL:      STLink\ST-LINKIII-KEIL_SWO.dll V2.0.18.0
Dialog DLL:      TCM.DLL V1.14.6.0
 
<h2>Project:</h2>
C:\CubeProj\holl_4\MDK-ARM\holl_4_eth.uvprojx
Project File Date:  08/02/2016

<h2>Output:</h2>
*** Using Compiler 'V5.06 update 1 (build 61)', folder: 'C:\Keil_v5\ARM\ARMCC\Bin'
Build target 'holl_4_eth'
compiling main.c...
../Inc/main.h(153): warning:  #1-D: last line of file ends without a newline
  uint8_t is_holl_detected(void);
../Src/main.c(210): warning:  #128-D: loop is not reachable
    while (1)
../Src/main.c(124): warning:  #177-D: variable "count_temp" was declared but never referenced
        uint32_t count_temp = 0;
../Src/main.c(125): warning:  #177-D: variable "uart_data" was declared but never referenced
        char uart_data[20] = "";
../Src/main.c(415): warning:  #185-D: dynamic initialization in unreachable code
        char message_estab[] = "Connection Established\r\n";
../Src/main.c(466): warning:  #550-D: variable "RXbyte" was set but never used
        int RXbyte;
../Src/main.c: 6 warnings, 0 errors
linking...
Program Size: Code=10824 RO-data=732 RW-data=40 ZI-data=1208  
"holl_4_eth\holl_4_eth.axf" - 0 Error(s), 6 Warning(s).

<h2>Software Packages used:</h2>

Package Vendor: ARM
                http://www.keil.com/pack/ARM.CMSIS.4.5.0.pack
                ARM::CMSIS:CORE:4.3.0
                CMSIS (Cortex Microcontroller Software Interface Standard)
   * Component: CORE Version: 4.3.0

<h2>Collection of Component include folders:</h2>
  C:\CubeProj\holl_4\MDK-ARM\RTE
  C:\Keil_v5\ARM\PACK\ARM\CMSIS\4.5.0\CMSIS\Include
  C:\Keil_v5\ARM\PACK\Keil\STM32F1xx_DFP\2.0.0\Device\Include

<h2>Collection of Component Files used:</h2>

   * Component: ARM::CMSIS:CORE:4.3.0
Build Time Elapsed:  00:00:03
</pre>
</body>
</html>
